main.c:76:6:controlLED	16	static
main.c:78:6:LEDs_Off	16	static
main.c:85:6:displayTime	40	static
main.c:102:6:displayNumber	32	static
main.c:124:6:trafficLightState0	8	static
main.c:147:6:trafficLightState1	8	static
main.c:170:6:trafficLightState2	8	static
main.c:193:6:trafficLightState3	8	static
main.c:227:5:main	8	static
main.c:282:6:SystemClock_Config	72	static
main.c:318:13:MX_TIM1_Init	32	static
main.c:364:13:MX_GPIO_Init	32	static
main.c:407:6:HAL_TIM_PeriodElapsedCallback	16	static
main.c:417:6:Error_Handler	4	static,ignoring_inline_asm
